Administrator Linux Professional.
Lesson 2. RAID.

Созданные диски
root@ubuntu:~# lsblk
NAME                      MAJ:MIN RM  SIZE RO TYPE MOUNTPOINTS
sda                         8:0    0   50G  0 disk
├─sda1                      8:1    0    1M  0 part
├─sda2                      8:2    0    2G  0 part /boot
└─sda3                      8:3    0   48G  0 part
  └─ubuntu--vg-ubuntu--lv 252:0    0   24G  0 lvm  /
sdb                         8:16   0  1,6G  0 disk
sdc                         8:32   0  1,6G  0 disk
sdd                         8:48   0  1,6G  0 disk
sde                         8:64   0  1,6G  0 disk
sdf                         8:80   0  1,6G  0 disk
sr0                        11:0    1 1024M  0 rom
root@ubuntu:~#

Зануление суперблоков
root@ubuntu:~# mdadm --zero-superblock --force /dev/sd{b,c,d,e,f}
mdadm: Unrecognised md component device - /dev/sdb
mdadm: Unrecognised md component device - /dev/sdc
mdadm: Unrecognised md component device - /dev/sdd
mdadm: Unrecognised md component device - /dev/sde
mdadm: Unrecognised md component device - /dev/sdf
root@ubuntu:~#

Создание RAID
root@ubuntu:~# mdadm --create --verbose /dev/md0 -l 6 -n 5 /dev/sd{b,c,d,e,f}
mdadm: layout defaults to left-symmetric
mdadm: layout defaults to left-symmetric
mdadm: chunk size defaults to 512K
mdadm: size set to 1636352K
mdadm: Defaulting to version 1.2 metadata
mdadm: array /dev/md0 started.
root@ubuntu:~#

root@ubuntu:~# cat /proc/mdstat
Personalities : [raid0] [raid1] [raid6] [raid5] [raid4] [raid10]
md0 : active raid6 sdf[4] sde[3] sdd[2] sdc[1] sdb[0]
      4909056 blocks super 1.2 level 6, 512k chunk, algorithm 2 [5/5] [UUUUU]

unused devices: <none>
root@ubuntu:~#

Сломать RAID
root@ubuntu:~# mdadm /dev/md0 --fail /dev/sde
mdadm: set /dev/sde faulty in /dev/md0
root@ubuntu:~#
root@ubuntu:~# cat /proc/mdstat
Personalities : [raid0] [raid1] [raid6] [raid5] [raid4] [raid10]
md0 : active raid6 sdf[4] sde[3](F) sdd[2] sdc[1] sdb[0]
      4909056 blocks super 1.2 level 6, 512k chunk, algorithm 2 [5/4] [UUU_U]

unused devices: <none>
root@ubuntu:~#

root@ubuntu:~# mdadm /dev/md0 --remove /dev/sde
mdadm: hot removed /dev/sde from /dev/md0
root@ubuntu:~#

Добавление диска
root@ubuntu:~# mdadm /dev/md0 --add /dev/sde
mdadm: added /dev/sde
root@ubuntu:~#
root@ubuntu:~# cat /proc/mdstat
Personalities : [raid0] [raid1] [raid6] [raid5] [raid4] [raid10]
md0 : active raid6 sde[5] sdf[4] sdd[2] sdc[1] sdb[0]
      4909056 blocks super 1.2 level 6, 512k chunk, algorithm 2 [5/5] [UUUUU]

unused devices: <none>
root@ubuntu:~#

Создать раздел GPT на RAID
root@ubuntu:~# parted -s /dev/md0 mklabel gpt
root@ubuntu:~#

Создать партиции
root@ubuntu:~# parted /dev/md0 mkpart primary ext4 0% 20%
Information: You may need to update /etc/fstab.
root@ubuntu:~# parted /dev/md0 mkpart primary ext4 20% 40%
Information: You may need to update /etc/fstab.
root@ubuntu:~# parted /dev/md0 mkpart primary ext4 40% 60%
Information: You may need to update /etc/fstab.
root@ubuntu:~# parted /dev/md0 mkpart primary ext4 60% 80%
Information: You may need to update /etc/fstab.
root@ubuntu:~# parted /dev/md0 mkpart primary ext4 80% 100%
Information: You may need to update /etc/fstab.
root@ubuntu:~#

Создание ФС
root@ubuntu:~# for i in $(seq 1 5); do sudo mkfs.ext4 /dev/md0p$i; done

Монтирование
root@ubuntu:~# mkdir -p /raid/part{1,2,3,4,5}
root@ubuntu:~#
root@ubuntu:~# for i in $(seq 1 5); do mount /dev/md0p$i /raid/part$i; done
root@ubuntu:~#

Проверка
root@ubuntu:~# lsblk
NAME                      MAJ:MIN RM   SIZE RO TYPE  MOUNTPOINTS
sda                         8:0    0    50G  0 disk
├─sda1                      8:1    0     1M  0 part
├─sda2                      8:2    0     2G  0 part  /boot
└─sda3                      8:3    0    48G  0 part
  └─ubuntu--vg-ubuntu--lv 252:0    0    24G  0 lvm   /
sdb                         8:16   0   1,6G  0 disk
└─md0                       9:0    0   4,7G  0 raid6
  ├─md0p1                 259:1    0   957M  0 part  /raid/part1
  ├─md0p2                 259:4    0 958,5M  0 part  /raid/part2
  ├─md0p3                 259:5    0   960M  0 part  /raid/part3
  ├─md0p4                 259:8    0 958,5M  0 part  /raid/part4
  └─md0p5                 259:9    0   957M  0 part  /raid/part5
sdc                         8:32   0   1,6G  0 disk
└─md0                       9:0    0   4,7G  0 raid6
  ├─md0p1                 259:1    0   957M  0 part  /raid/part1
  ├─md0p2                 259:4    0 958,5M  0 part  /raid/part2
  ├─md0p3                 259:5    0   960M  0 part  /raid/part3
  ├─md0p4                 259:8    0 958,5M  0 part  /raid/part4
  └─md0p5                 259:9    0   957M  0 part  /raid/part5
sdd                         8:48   0   1,6G  0 disk
└─md0                       9:0    0   4,7G  0 raid6
  ├─md0p1                 259:1    0   957M  0 part  /raid/part1
  ├─md0p2                 259:4    0 958,5M  0 part  /raid/part2
  ├─md0p3                 259:5    0   960M  0 part  /raid/part3
  ├─md0p4                 259:8    0 958,5M  0 part  /raid/part4
  └─md0p5                 259:9    0   957M  0 part  /raid/part5
sde                         8:64   0   1,6G  0 disk
└─md0                       9:0    0   4,7G  0 raid6
  ├─md0p1                 259:1    0   957M  0 part  /raid/part1
  ├─md0p2                 259:4    0 958,5M  0 part  /raid/part2
  ├─md0p3                 259:5    0   960M  0 part  /raid/part3
  ├─md0p4                 259:8    0 958,5M  0 part  /raid/part4
  └─md0p5                 259:9    0   957M  0 part  /raid/part5
sdf                         8:80   0   1,6G  0 disk
└─md0                       9:0    0   4,7G  0 raid6
  ├─md0p1                 259:1    0   957M  0 part  /raid/part1
  ├─md0p2                 259:4    0 958,5M  0 part  /raid/part2
  ├─md0p3                 259:5    0   960M  0 part  /raid/part3
  ├─md0p4                 259:8    0 958,5M  0 part  /raid/part4
  └─md0p5                 259:9    0   957M  0 part  /raid/part5
sr0                        11:0    1  1024M  0 rom
root@ubuntu:~#

root@ubuntu:/raid# ls
part1  part2  part3  part4  part5
root@ubuntu:/raid#

