Administrator Linux Professiona.
Lesson 2. RAID.

Created discs:

 root@ubuntu:~# lsblk
NAME                      MAJ:MIN RM  SIZE RO TYPE MOUNTPOINTS
sda                         8:0    0   50G  0 disk
├─sda1                      8:1    0    1M  0 part
├─sda2                      8:2    0    2G  0 part /boot
└─sda3                      8:3    0   48G  0 part
  └─ubuntu--vg-ubuntu--lv 252:0    0   24G  0 lvm  /
sdb                         8:16   0  1,6G  0 disk
sdc                         8:32   0  1,6G  0 disk
sdd                         8:48   0  1,6G  0 disk
sde                         8:64   0  1,6G  0 disk
sdf                         8:80   0  1,6G  0 disk
sr0                        11:0    1 1024M  0 rom
root@ubuntu:~#

Null superblocks

root@ubuntu:~# mdadm --zero-superblock --force /dev/sd{b,c,d,e,f}
mdadm: Unrecognised md component device - /dev/sdb
mdadm: Unrecognised md component device - /dev/sdc
mdadm: Unrecognised md component device - /dev/sdd
mdadm: Unrecognised md component device - /dev/sde
mdadm: Unrecognised md component device - /dev/sdf
root@ubuntu:~#

Creating RAID

root@ubuntu:~# mdadm --create --verbose /dev/md0 -l 6 -n 5 /dev/sd{b,c,d,e,f}
mdadm: layout defaults to left-symmetric
mdadm: layout defaults to left-symmetric
mdadm: chunk size defaults to 512K
mdadm: size set to 1636352K
mdadm: Defaulting to version 1.2 metadata
mdadm: array /dev/md0 started.
root@ubuntu:~#
root@ubuntu:~# cat /proc/mdstat
Personalities : [raid0] [raid1] [raid6] [raid5] [raid4] [raid10]
md0 : active raid6 sdf[4] sde[3] sdd[2] sdc[1] sdb[0]
      4909056 blocks super 1.2 level 6, 512k chunk, algorithm 2 [5/5] [UUUUU]

unused devices: <none>
root@ubuntu:~#

Breaking RAID

root@ubuntu:~# mdadm /dev/md0 --fail /dev/sde
mdadm: set /dev/sde faulty in /dev/md0
root@ubuntu:~#

root@ubuntu:~# cat /proc/mdstat
Personalities : [raid0] [raid1] [raid6] [raid5] [raid4] [raid10]
md0 : active raid6 sdf[4] sde[3](F) sdd[2] sdc[1] sdb[0]
      4909056 blocks super 1.2 level 6, 512k chunk, algorithm 2 [5/4] [UUU_U]

unused devices: <none>
root@ubuntu:~#

root@ubuntu:~# mdadm /dev/md0 --remove /dev/sde
mdadm: hot removed /dev/sde from /dev/md0
root@ubuntu:~#

Rebuilding disc

root@ubuntu:~# mdadm /dev/md0 --add /dev/sde
mdadm: added /dev/sde
root@ubuntu:~#

root@ubuntu:~# cat /proc/mdstat
Personalities : [raid0] [raid1] [raid6] [raid5] [raid4] [raid10]
md0 : active raid6 sde[5] sdf[4] sdd[2] sdc[1] sdb[0]
      4909056 blocks super 1.2 level 6, 512k chunk, algorithm 2 [5/5] [UUUUU]

unused devices: <none>
root@ubuntu:~#

Creating GPT and partitions

root@ubuntu:~# parted -s /dev/md0 mklabel gpt
root@ubuntu:~#
root@ubuntu:~# parted -s /dev/md0 mklabel gpt
root@ubuntu:~#
root@ubuntu:~# parted /dev/md0 mkpart primary ext4 0% 20%
Information: You may need to update /etc/fstab.

root@ubuntu:~# parted /dev/md0 mkpart primary ext4 20% 40%
Information: You may need to update /etc/fstab.

root@ubuntu:~# parted /dev/md0 mkpart primary ext4 40% 60%
Information: You may need to update /etc/fstab.

!!! Error !!! forgot parted /dev/md0 mkpart primary ext4 60% 80%

root@ubuntu:~# parted /dev/md0 mkpart primary ext4 80% 100%
Information: You may need to update /etc/fstab.

root@ubuntu:~#

Mounting

root@ubuntu:~# mkdir -p /raid/part{1,2,3,4,5}
root@ubuntu:~# for i in $(seq 1 5); do mount /dev/md0p$i /raid/part$i; done
mount: /raid/part5: special device /dev/md0p5 does not exist.
       dmesg(1) may have more information after failed mount system call.
root@ubuntu:~#
